a
asa
aas
aasa
aas

aast
test
sflsdkf;ls
defs 
INFO 10-10 test;:Ses
defs
HELLO WORLD!
